Fingerprint extraction...
Dataset073_MBAS
Using <class 'nnunetv2.imageio.simpleitk_reader_writer.SimpleITKIO'> as reader/writer

####################
verify_dataset_integrity Done. 
If you didn't see any error messages then your dataset is most likely OK!
####################

Using <class 'nnunetv2.imageio.simpleitk_reader_writer.SimpleITKIO'> as reader/writer
Experiment planning...
Attempting to find 3d_lowres config. 
Current spacing: [2.5     0.64375 0.64375]. 
Current patch size: (24, 256, 256). 
Current median shape: [ 44.         575.24271845 564.0776699 ]
Attempting to find 3d_lowres config. 
Current spacing: [2.5       0.6630625 0.6630625]. 
Current patch size: (24, 256, 256). 
Current median shape: [ 44.         558.48807616 547.64822321]
Attempting to find 3d_lowres config. 
Current spacing: [2.5        0.68295438 0.68295438]. 
Current patch size: (24, 256, 256). 
Current median shape: [ 44.         542.22143317 531.69730408]
Attempting to find 3d_lowres config. 
Current spacing: [2.5        0.70344301 0.70344301]. 
Current patch size: (24, 256, 256). 
Current median shape: [ 44.         526.42857589 516.21097484]
Attempting to find 3d_lowres config. 
Current spacing: [2.5       0.7245463 0.7245463]. 
Current patch size: (24, 256, 256). 
Current median shape: [ 44.         511.09570475 501.17570373]
Attempting to find 3d_lowres config. 
Current spacing: [2.5        0.74628269 0.74628269]. 
Current patch size: (24, 256, 256). 
Current median shape: [ 44.         496.20942209 486.57835313]
Attempting to find 3d_lowres config. 
Current spacing: [2.5        0.76867117 0.76867117]. 
Current patch size: (24, 256, 256). 
Current median shape: [ 44.         481.75672047 472.40616809]
Attempting to find 3d_lowres config. 
Current spacing: [2.5       0.7917313 0.7917313]. 
Current patch size: (24, 256, 256). 
Current median shape: [ 44.         467.72497133 458.64676514]
Attempting to find 3d_lowres config. 
Current spacing: [2.5        0.81548324 0.81548324]. 
Current patch size: (24, 256, 256). 
Current median shape: [ 44.         454.10191391 445.28812149]
Attempting to find 3d_lowres config. 
Current spacing: [2.5        0.83994774 0.83994774]. 
Current patch size: (24, 256, 256). 
Current median shape: [ 44.         440.87564458 432.31856455]
Attempting to find 3d_lowres config. 
Current spacing: [2.5        0.86514617 0.86514617]. 
Current patch size: (24, 256, 256). 
Current median shape: [ 44.         428.03460638 419.7267617 ]
Attempting to find 3d_lowres config. 
Current spacing: [2.5        0.89110055 0.89110055]. 
Current patch size: (24, 256, 256). 
Current median shape: [ 44.         415.56757901 407.50171039]
Attempting to find 3d_lowres config. 
Current spacing: [2.5        0.91783357 0.91783357]. 
Current patch size: (28, 256, 224). 
Current median shape: [ 44.         403.46366895 395.63272854]
Attempting to find 3d_lowres config. 
Current spacing: [2.5        0.94536858 0.94536858]. 
Current patch size: (28, 256, 224). 
Current median shape: [ 44.         391.71229995 384.10944518]
Attempting to find 3d_lowres config. 
Current spacing: [2.5        0.97372964 0.97372964]. 
Current patch size: (28, 256, 224). 
Current median shape: [ 44.         380.30320383 372.92179144]
2D U-Net configuration:
{'data_identifier': 'nnUNetPlans_2d', 'preprocessor_name': 'DefaultPreprocessor', 'batch_size': 12, 'patch_size': (512, 512), 'median_image_size_in_voxels': array([592.5, 581. ]), 'spacing': array([0.625, 0.625]), 'normalization_schemes': ['ZScoreNormalization'], 'use_mask_for_norm': [False], 'resampling_fn_data': 'resample_data_or_seg_to_shape', 'resampling_fn_seg': 'resample_data_or_seg_to_shape', 'resampling_fn_data_kwargs': {'is_seg': False, 'order': 3, 'order_z': 0, 'force_separate_z': None}, 'resampling_fn_seg_kwargs': {'is_seg': True, 'order': 1, 'order_z': 0, 'force_separate_z': None}, 'resampling_fn_probabilities': 'resample_data_or_seg_to_shape', 'resampling_fn_probabilities_kwargs': {'is_seg': False, 'order': 1, 'order_z': 0, 'force_separate_z': None}, 'architecture': {'network_class_name': 'dynamic_network_architectures.architectures.unet.ResidualEncoderUNet', 'arch_kwargs': {'n_stages': 8, 'features_per_stage': (32, 64, 128, 256, 512, 512, 512, 512), 'conv_op': 'torch.nn.modules.conv.Conv2d', 'kernel_sizes': ((3, 3), (3, 3), (3, 3), (3, 3), (3, 3), (3, 3), (3, 3), (3, 3)), 'strides': ((1, 1), (2, 2), (2, 2), (2, 2), (2, 2), (2, 2), (2, 2), (2, 2)), 'n_blocks_per_stage': (1, 3, 4, 6, 6, 6, 6, 6), 'n_conv_per_stage_decoder': (1, 1, 1, 1, 1, 1, 1), 'conv_bias': True, 'norm_op': 'torch.nn.modules.instancenorm.InstanceNorm2d', 'norm_op_kwargs': {'eps': 1e-05, 'affine': True}, 'dropout_op': None, 'dropout_op_kwargs': None, 'nonlin': 'torch.nn.LeakyReLU', 'nonlin_kwargs': {'inplace': True}}, '_kw_requires_import': ('conv_op', 'norm_op', 'dropout_op', 'nonlin')}, 'batch_dice': True}

Using <class 'nnunetv2.imageio.simpleitk_reader_writer.SimpleITKIO'> as reader/writer
3D lowres U-Net configuration:
{'data_identifier': 'nnUNetResEncUNetMPlans_3d_lowres', 'preprocessor_name': 'DefaultPreprocessor', 'batch_size': 2, 'patch_size': (28, 256, 224), 'median_image_size_in_voxels': (44, 380, 373), 'spacing': array([2.5       , 0.97372964, 0.97372964]), 'normalization_schemes': ['ZScoreNormalization'], 'use_mask_for_norm': [False], 'resampling_fn_data': 'resample_data_or_seg_to_shape', 'resampling_fn_seg': 'resample_data_or_seg_to_shape', 'resampling_fn_data_kwargs': {'is_seg': False, 'order': 3, 'order_z': 0, 'force_separate_z': None}, 'resampling_fn_seg_kwargs': {'is_seg': True, 'order': 1, 'order_z': 0, 'force_separate_z': None}, 'resampling_fn_probabilities': 'resample_data_or_seg_to_shape', 'resampling_fn_probabilities_kwargs': {'is_seg': False, 'order': 1, 'order_z': 0, 'force_separate_z': None}, 'architecture': {'network_class_name': 'dynamic_network_architectures.architectures.unet.ResidualEncoderUNet', 'arch_kwargs': {'n_stages': 6, 'features_per_stage': (32, 64, 128, 256, 320, 320), 'conv_op': 'torch.nn.modules.conv.Conv3d', 'kernel_sizes': ((1, 3, 3), (3, 3, 3), (3, 3, 3), (3, 3, 3), (3, 3, 3), (3, 3, 3)), 'strides': ((1, 1, 1), (1, 2, 2), (2, 2, 2), (2, 2, 2), (1, 2, 2), (1, 2, 2)), 'n_blocks_per_stage': (1, 3, 4, 6, 6, 6), 'n_conv_per_stage_decoder': (1, 1, 1, 1, 1), 'conv_bias': True, 'norm_op': 'torch.nn.modules.instancenorm.InstanceNorm3d', 'norm_op_kwargs': {'eps': 1e-05, 'affine': True}, 'dropout_op': None, 'dropout_op_kwargs': None, 'nonlin': 'torch.nn.LeakyReLU', 'nonlin_kwargs': {'inplace': True}}, '_kw_requires_import': ('conv_op', 'norm_op', 'dropout_op', 'nonlin')}, 'batch_dice': False, 'next_stage': '3d_cascade_fullres'}

3D fullres U-Net configuration:
{'data_identifier': 'nnUNetPlans_3d_fullres', 'preprocessor_name': 'DefaultPreprocessor', 'batch_size': 2, 'patch_size': (20, 256, 256), 'median_image_size_in_voxels': array([ 44. , 592.5, 581. ]), 'spacing': array([2.5  , 0.625, 0.625]), 'normalization_schemes': ['ZScoreNormalization'], 'use_mask_for_norm': [False], 'resampling_fn_data': 'resample_data_or_seg_to_shape', 'resampling_fn_seg': 'resample_data_or_seg_to_shape', 'resampling_fn_data_kwargs': {'is_seg': False, 'order': 3, 'order_z': 0, 'force_separate_z': None}, 'resampling_fn_seg_kwargs': {'is_seg': True, 'order': 1, 'order_z': 0, 'force_separate_z': None}, 'resampling_fn_probabilities': 'resample_data_or_seg_to_shape', 'resampling_fn_probabilities_kwargs': {'is_seg': False, 'order': 1, 'order_z': 0, 'force_separate_z': None}, 'architecture': {'network_class_name': 'dynamic_network_architectures.architectures.unet.ResidualEncoderUNet', 'arch_kwargs': {'n_stages': 7, 'features_per_stage': (32, 64, 128, 256, 320, 320, 320), 'conv_op': 'torch.nn.modules.conv.Conv3d', 'kernel_sizes': ((1, 3, 3), (1, 3, 3), (3, 3, 3), (3, 3, 3), (3, 3, 3), (3, 3, 3), (3, 3, 3)), 'strides': ((1, 1, 1), (1, 2, 2), (1, 2, 2), (2, 2, 2), (2, 2, 2), (1, 2, 2), (1, 2, 2)), 'n_blocks_per_stage': (1, 3, 4, 6, 6, 6, 6), 'n_conv_per_stage_decoder': (1, 1, 1, 1, 1, 1), 'conv_bias': True, 'norm_op': 'torch.nn.modules.instancenorm.InstanceNorm3d', 'norm_op_kwargs': {'eps': 1e-05, 'affine': True}, 'dropout_op': None, 'dropout_op_kwargs': None, 'nonlin': 'torch.nn.LeakyReLU', 'nonlin_kwargs': {'inplace': True}}, '_kw_requires_import': ('conv_op', 'norm_op', 'dropout_op', 'nonlin')}, 'batch_dice': True}

Plans were saved to /data1/youyou/workplace/nnUNet_quml/nnUNet_preprocessed/Dataset073_MBAS/nnUNetResEncUNetMPlans.json
Preprocessing...
Preprocessing dataset Dataset073_MBAS
Configuration: 3d_fullres...
{'data_identifier': 'nnUNetPlans_3d_fullres', 'preprocessor_name': 'DefaultPreprocessor', 'batch_size': 2, 'patch_size': [20, 256, 256], 'median_image_size_in_voxels': [44.0, 592.5, 581.0], 'spacing': [2.5, 0.625, 0.625], 'normalization_schemes': ['ZScoreNormalization'], 'use_mask_for_norm': [False], 'resampling_fn_data': 'resample_data_or_seg_to_shape', 'resampling_fn_seg': 'resample_data_or_seg_to_shape', 'resampling_fn_data_kwargs': {'is_seg': False, 'order': 3, 'order_z': 0, 'force_separate_z': None}, 'resampling_fn_seg_kwargs': {'is_seg': True, 'order': 1, 'order_z': 0, 'force_separate_z': None}, 'resampling_fn_probabilities': 'resample_data_or_seg_to_shape', 'resampling_fn_probabilities_kwargs': {'is_seg': False, 'order': 1, 'order_z': 0, 'force_separate_z': None}, 'architecture': {'network_class_name': 'dynamic_network_architectures.architectures.unet.ResidualEncoderUNet', 'arch_kwargs': {'n_stages': 7, 'features_per_stage': [32, 64, 128, 256, 320, 320, 320], 'conv_op': 'torch.nn.modules.conv.Conv3d', 'kernel_sizes': [[1, 3, 3], [1, 3, 3], [3, 3, 3], [3, 3, 3], [3, 3, 3], [3, 3, 3], [3, 3, 3]], 'strides': [[1, 1, 1], [1, 2, 2], [1, 2, 2], [2, 2, 2], [2, 2, 2], [1, 2, 2], [1, 2, 2]], 'n_blocks_per_stage': [1, 3, 4, 6, 6, 6, 6], 'n_conv_per_stage_decoder': [1, 1, 1, 1, 1, 1], 'conv_bias': True, 'norm_op': 'torch.nn.modules.instancenorm.InstanceNorm3d', 'norm_op_kwargs': {'eps': 1e-05, 'affine': True}, 'dropout_op': None, 'dropout_op_kwargs': None, 'nonlin': 'torch.nn.LeakyReLU', 'nonlin_kwargs': {'inplace': True}}, '_kw_requires_import': ['conv_op', 'norm_op', 'dropout_op', 'nonlin']}, 'batch_dice': True}
