CUDA_VISIBLE_DEVICES=0,1
Thu Aug  6 09:48:51 2026       
+-----------------------------------------------------------------------------------------+
| NVIDIA-SMI 580.65.06              Driver Version: 580.65.06      CUDA Version: 13.0     |
+-----------------------------------------+------------------------+----------------------+
| GPU  Name                 Persistence-M | Bus-Id          Disp.A | Volatile Uncorr. ECC |
| Fan  Temp   Perf          Pwr:Usage/Cap |           Memory-Usage | GPU-Util  Compute M. |
|                                         |                        |               MIG M. |
|=========================================+========================+======================|
|   0  NVIDIA GeForce RTX 5090        Off |   00000000:01:00.0 Off |                  N/A |
| 55%   31C    P8             12W /  575W |      15MiB /  32607MiB |      0%      Default |
|                                         |                        |                  N/A |
+-----------------------------------------+------------------------+----------------------+
|   1  NVIDIA GeForce RTX 5090        Off |   00000000:21:00.0 Off |                  N/A |
| 39%   28C    P8              3W /  575W |      15MiB /  32607MiB |      0%      Default |
|                                         |                        |                  N/A |
+-----------------------------------------+------------------------+----------------------+
|   2  NVIDIA GeForce RTX 5090        Off |   00000000:41:00.0 Off |                  N/A |
| 56%   33C    P8             15W /  575W |      15MiB /  32607MiB |      0%      Default |
|                                         |                        |                  N/A |
+-----------------------------------------+------------------------+----------------------+
|   3  NVIDIA GeForce RTX 4090        Off |   00000000:81:00.0 Off |                  Off |
| 30%   34C    P8             21W /  450W |      15MiB /  49140MiB |      0%      Default |
|                                         |                        |                  N/A |
+-----------------------------------------+------------------------+----------------------+
|   4  NVIDIA GeForce RTX 4090        Off |   00000000:A1:00.0 Off |                  Off |
| 30%   34C    P8             21W /  450W |      15MiB /  49140MiB |      0%      Default |
|                                         |                        |                  N/A |
+-----------------------------------------+------------------------+----------------------+
|   5  NVIDIA GeForce RTX 4090        Off |   00000000:C1:00.0 Off |                  Off |
| 30%   31C    P8             28W /  450W |      15MiB /  49140MiB |      0%      Default |
|                                         |                        |                  N/A |
+-----------------------------------------+------------------------+----------------------+
|   6  NVIDIA GeForce RTX 4090        Off |   00000000:C2:00.0 Off |                  Off |
| 30%   32C    P8             36W /  450W |      15MiB /  49140MiB |      0%      Default |
|                                         |                        |                  N/A |
+-----------------------------------------+------------------------+----------------------+
|   7  NVIDIA GeForce RTX 5090        Off |   00000000:E1:00.0 Off |                  N/A |
| 39%   29C    P8              7W /  575W |      15MiB /  32607MiB |      0%      Default |
|                                         |                        |                  N/A |
+-----------------------------------------+------------------------+----------------------+

+-----------------------------------------------------------------------------------------+
| Processes:                                                                              |
|  GPU   GI   CI              PID   Type   Process name                        GPU Memory |
|        ID   ID                                                               Usage      |
|=========================================================================================|
|    0   N/A  N/A          420760      G   /usr/lib/xorg/Xorg                        4MiB |
|    1   N/A  N/A          420760      G   /usr/lib/xorg/Xorg                        4MiB |
|    2   N/A  N/A          420760      G   /usr/lib/xorg/Xorg                        4MiB |
|    3   N/A  N/A          420760      G   /usr/lib/xorg/Xorg                        4MiB |
|    4   N/A  N/A          420760      G   /usr/lib/xorg/Xorg                        4MiB |
|    5   N/A  N/A          420760      G   /usr/lib/xorg/Xorg                        4MiB |
|    6   N/A  N/A          420760      G   /usr/lib/xorg/Xorg                        4MiB |
|    7   N/A  N/A          420760      G   /usr/lib/xorg/Xorg                        4MiB |
+-----------------------------------------------------------------------------------------+
